import java.awt.Color;
import java.util.ArrayList;

public class dotTestColor {
    ArrayList<Color> al = new ArrayList<Color>();
    public dotTestColor() {

        al.add(Color.BLUE);
        al.add(Color.cyan);
    }


}
