package finishedtests;

public class OverRideTest extends SuperClassOR {

	public int m1(int x) {
		return 3;
	}

	@Override
	public void m2() {
	}

	@Override
	public void m3() {

	}

}
