package finishedtests;


public class SuperClassEx {


}
